target code :  contract AvatarArtMarketplace {
}
--------------------------------------------------------
target code :      uint256[] internal _tokens;
--------------------------------------------------------
target code :  

--------------------------------------------------------
target code :      function _removeFromTokens(uint tokenId) internal view returns(uint256[] memory){
}
--------------------------------------------------------
target code :          uint256 tokenCount = _tokens.length;
DEBUG get_current_block: L_start=5, L_end=5, L+1_node=EXIT
DEBUG get_current_block: L+1=EXIT, is_exit=False, is_join=False
DEBUG get_current_block: L+1 predecessors=['ENTRY']
DEBUG get_current_block: Returning single predecessor: ENTRY
[5-5]  analysis ¢¡
  L  5 | varDeclaration | {'tokenCount': '[0,0]'}
--------------------------------------------------------
target code :          uint256[] memory result = new uint256[](tokenCount-1);
DEBUG get_current_block: L_start=6, L_end=6, L+1_node=EXIT
DEBUG get_current_block: L+1=EXIT, is_exit=False, is_join=False
DEBUG get_current_block: L+1 predecessors=['VarDecl_5']
DEBUG get_current_block: Returning single predecessor: VarDecl_5
--------------------------------------------------------
target code :          uint256 resultIndex = 0;
DEBUG get_current_block: L_start=7, L_end=7, L+1_node=EXIT
DEBUG get_current_block: L+1=EXIT, is_exit=False, is_join=False
DEBUG get_current_block: L+1 predecessors=['VarDecl_6']
DEBUG get_current_block: Returning single predecessor: VarDecl_6
[7-7]  analysis ¢¡
  L  7 | varDeclaration | {'resultIndex': '[0,0]'}
--------------------------------------------------------
target code :          for(uint tokenIndex = 0; tokenIndex < tokenCount; tokenIndex++){
}
DEBUG get_current_block: L_start=8, L_end=9, L+1_node=EXIT
DEBUG get_current_block: L+1=EXIT, is_exit=False, is_join=False
DEBUG get_current_block: L+1 predecessors=['VarDecl_7']
DEBUG get_current_block: Returning single predecessor: VarDecl_7
--------------------------------------------------------
target code :              uint tokenItemId = _tokens[tokenIndex];
DEBUG get_current_block: L_start=9, L_end=9, L+1_node=for_exit_8
DEBUG get_current_block: L+1=for_exit_8, is_exit=True, is_join=False
DEBUG get_current_block: L-1=8, nodes=['for_cond_8']
DEBUG transfer: node=for_incr_8, st_type=unary, var=tokenIndex, line=8
DEBUG: Loop nodes: ['for_incr_8', 'for_cond_8', 'for_join_8', 'for_body_8', 'VarDecl_9']
DEBUG: CFG edges from for_cond_8:
  -> for_body_8, condition=True, in_loop=True
  -> for_exit_8, condition=False, in_loop=False
DEBUG fixpoint start: _tokens=<Domain.Variable.ArrayVariable object at 0x0000012C117B4910>
DEBUG fixpoint start: tokenCount=UnsignedIntegerInterval([0, 0])
DEBUG fixpoint start: tokenIndex=UnsignedIntegerInterval([0, 0])
DEBUG fixpoint start: result=<Domain.Variable.ArrayVariable object at 0x0000012C117A39A0>
DEBUG fixpoint: widening_threshold=3
DEBUG widening iter=1: node=for_cond_8, visit_cnt=1, need_widen=False, resultIndex: None ¡æ UnsignedIntegerInterval([0, 0])
DEBUG widening iter=1: node=for_cond_8, equal=False, WL will continue=True
DEBUG widening iter=2: node=for_body_8, visit_cnt=1, need_widen=False, resultIndex: None ¡æ UnsignedIntegerInterval([0, 0])
DEBUG widening iter=2: node=for_body_8, equal=False, WL will continue=True
DEBUG widening iter=3: node=VarDecl_9, visit_cnt=1, need_widen=False, resultIndex: None ¡æ UnsignedIntegerInterval([0, 0])
DEBUG widening iter=3: node=VarDecl_9, equal=False, WL will continue=True
DEBUG transfer: node=for_incr_8, st_type=unary, var=tokenIndex, line=8
DEBUG widening iter=4: node=for_incr_8, visit_cnt=1, need_widen=False, resultIndex: None ¡æ UnsignedIntegerInterval([0, 0])
DEBUG widening iter=4: node=for_incr_8, equal=False, WL will continue=True
DEBUG propagate: for_incr_8 ¡æ for_join_8, succ_widen=False, changed=True, resultIndex: None ¡æ UnsignedIntegerInterval([0, 0])
DEBUG widening iter=5: JOIN node=for_join_8, visit_cnt=1, threshold=3, need_widen=False
DEBUG widening iter=5: node=for_join_8, visit_cnt=1, need_widen=False, resultIndex: None ¡æ UnsignedIntegerInterval([0, 0])
DEBUG widening iter=5: node=for_join_8, equal=False, WL will continue=True
DEBUG widening iter=6: node=for_cond_8, visit_cnt=2, need_widen=False, resultIndex: UnsignedIntegerInterval([0, 0]) ¡æ UnsignedIntegerInterval([0, 0])
DEBUG widening iter=6: node=for_cond_8, equal=False, WL will continue=True
DEBUG widening iter=7: node=for_body_8, visit_cnt=2, need_widen=False, resultIndex: UnsignedIntegerInterval([0, 0]) ¡æ UnsignedIntegerInterval([0, 0])
DEBUG widening iter=7: node=for_body_8, equal=False, WL will continue=True
DEBUG widening iter=8: node=VarDecl_9, visit_cnt=2, need_widen=False, resultIndex: UnsignedIntegerInterval([0, 0]) ¡æ UnsignedIntegerInterval([0, 0])
DEBUG widening iter=8: node=VarDecl_9, equal=True, WL will continue=False
DEBUG transfer: node=for_incr_8, st_type=unary, var=tokenIndex, line=8
DEBUG transfer: node=for_incr_8, st_type=unary, var=tokenIndex, line=8
DEBUG transfer: node=for_incr_8, st_type=unary, var=tokenIndex, line=8
DEBUG fixpoint exit: resultIndex=UnsignedIntegerInterval([0, 0])
DEBUG fixpoint exit: tokenIndex=UnsignedIntegerInterval([0, 0])
DEBUG fixpoint exit: result=ArrayVariable with 0 elements
[9-9]  analysis ¢¡
  L  9 | varDeclaration | {'tokenItemId': '[0,115792089237316195423570985008687907853269984665640564039457584007913129639935]'}
--------------------------------------------------------
target code :              if(tokenItemId != tokenId){
}
DEBUG get_current_block: L_start=10, L_end=11, L+1_node=for_exit_8
DEBUG get_current_block: L+1=for_exit_8, is_exit=True, is_join=False
DEBUG get_current_block: L-1=9, nodes=['VarDecl_9']
DEBUG get_current_block: Returning L-1 node: VarDecl_9
DEBUG transfer: node=for_incr_8, st_type=unary, var=tokenIndex, line=8
DEBUG: Loop nodes: ['for_incr_8', 'for_cond_8', 'if_false_10', 'if_condition_10', 'for_join_8', 'for_body_8', 'if_true_10', 'if_join_10', 'VarDecl_9']
DEBUG: CFG edges from for_cond_8:
  -> for_body_8, condition=True, in_loop=True
  -> for_exit_8, condition=False, in_loop=False
DEBUG fixpoint start: _tokens=<Domain.Variable.ArrayVariable object at 0x0000012C1177DEA0>
DEBUG fixpoint start: tokenCount=UnsignedIntegerInterval([0, 0])
DEBUG fixpoint start: tokenIndex=UnsignedIntegerInterval([0, 0])
DEBUG fixpoint start: result=<Domain.Variable.ArrayVariable object at 0x0000012C1177F490>
DEBUG fixpoint: widening_threshold=3
DEBUG widening iter=1: node=for_cond_8, visit_cnt=1, need_widen=False, resultIndex: None ¡æ UnsignedIntegerInterval([0, 0])
DEBUG widening iter=1: node=for_cond_8, equal=False, WL will continue=True
DEBUG widening iter=2: node=for_body_8, visit_cnt=1, need_widen=False, resultIndex: None ¡æ UnsignedIntegerInterval([0, 0])
DEBUG widening iter=2: node=for_body_8, equal=False, WL will continue=True
DEBUG widening iter=3: node=VarDecl_9, visit_cnt=1, need_widen=False, resultIndex: None ¡æ UnsignedIntegerInterval([0, 0])
DEBUG widening iter=3: node=VarDecl_9, equal=False, WL will continue=True
DEBUG: Processing if_condition_10, in_vars keys: ['tokenId', '_tokens', 'block.basefee', 'block.blobbasefee', 'block.chainid', 'block.coinbase', 'block.difficulty', 'block.gaslimit', 'block.number', 'block.prevrandao', 'block.timestamp', 'msg.sender', 'msg.value', 'tx.gasprice', 'tx.origin', 'tokenCount', 'result', 'resultIndex', 'tokenIndex', 'tokenItemId']
DEBUG widening iter=4: node=if_condition_10, visit_cnt=1, need_widen=False, resultIndex: None ¡æ UnsignedIntegerInterval([0, 0])
DEBUG widening iter=4: node=if_condition_10, equal=False, WL will continue=True
DEBUG widening iter=5: node=if_true_10, visit_cnt=1, need_widen=False, resultIndex: None ¡æ UnsignedIntegerInterval([0, 0])
DEBUG widening iter=5: node=if_true_10, equal=False, WL will continue=True
DEBUG widening iter=6: node=if_false_10, visit_cnt=1, need_widen=False, resultIndex: None ¡æ UnsignedIntegerInterval([0, 0])
DEBUG widening iter=6: node=if_false_10, equal=False, WL will continue=True
DEBUG widening iter=7: node=if_join_10, visit_cnt=1, need_widen=False, resultIndex: None ¡æ UnsignedIntegerInterval([0, 0])
DEBUG widening iter=7: node=if_join_10, equal=False, WL will continue=True
DEBUG transfer: node=for_incr_8, st_type=unary, var=tokenIndex, line=8
DEBUG widening iter=8: node=for_incr_8, visit_cnt=1, need_widen=False, resultIndex: None ¡æ UnsignedIntegerInterval([0, 0])
DEBUG widening iter=8: node=for_incr_8, equal=False, WL will continue=True
DEBUG propagate: for_incr_8 ¡æ for_join_8, succ_widen=False, changed=True, resultIndex: None ¡æ UnsignedIntegerInterval([0, 0])
DEBUG widening iter=9: JOIN node=for_join_8, visit_cnt=1, threshold=3, need_widen=False
DEBUG widening iter=9: node=for_join_8, visit_cnt=1, need_widen=False, resultIndex: None ¡æ UnsignedIntegerInterval([0, 0])
DEBUG widening iter=9: node=for_join_8, equal=False, WL will continue=True
DEBUG widening iter=10: node=for_cond_8, visit_cnt=2, need_widen=False, resultIndex: UnsignedIntegerInterval([0, 0]) ¡æ UnsignedIntegerInterval([0, 0])
DEBUG widening iter=10: node=for_cond_8, equal=False, WL will continue=True
DEBUG widening iter=11: node=for_body_8, visit_cnt=2, need_widen=False, resultIndex: UnsignedIntegerInterval([0, 0]) ¡æ UnsignedIntegerInterval([0, 0])
DEBUG widening iter=11: node=for_body_8, equal=False, WL will continue=True
DEBUG widening iter=12: node=VarDecl_9, visit_cnt=2, need_widen=False, resultIndex: UnsignedIntegerInterval([0, 0]) ¡æ UnsignedIntegerInterval([0, 0])
DEBUG widening iter=12: node=VarDecl_9, equal=True, WL will continue=False
DEBUG transfer: node=for_incr_8, st_type=unary, var=tokenIndex, line=8
DEBUG transfer: node=for_incr_8, st_type=unary, var=tokenIndex, line=8
DEBUG transfer: node=for_incr_8, st_type=unary, var=tokenIndex, line=8
DEBUG fixpoint exit: resultIndex=UnsignedIntegerInterval([0, 0])
DEBUG fixpoint exit: tokenIndex=UnsignedIntegerInterval([0, 0])
DEBUG fixpoint exit: result=ArrayVariable with 0 elements
--------------------------------------------------------
target code :                  result[resultIndex] = tokenItemId;
DEBUG get_current_block: L_start=11, L_end=11, L+1_node=if_join_10
DEBUG get_current_block: L+1=if_join_10, is_exit=False, is_join=True
DEBUG get_current_block: L-1=10, nodes=['if_condition_10']
DEBUG Array Index: result[resultIndex], resultIndex=UnsignedIntegerInterval([0, 0]), is_bottom=False
DEBUG Assignment: result[...] = UnsignedIntegerInterval([0, 115792089237316195423570985008687907853269984665640564039457584007913129639935]), line=11, record=True
DEBUG Array Index: result[resultIndex], resultIndex=UnsignedIntegerInterval([0, 0]), is_bottom=False
DEBUG transfer: node=for_incr_8, st_type=unary, var=tokenIndex, line=8
DEBUG: Loop nodes: ['for_incr_8', 'for_cond_8', 'if_false_10', 'if_condition_10', 'for_join_8', 'for_body_8', 'Assign_11', 'if_true_10', 'if_join_10', 'VarDecl_9']
DEBUG: CFG edges from for_cond_8:
  -> for_body_8, condition=True, in_loop=True
  -> for_exit_8, condition=False, in_loop=False
DEBUG fixpoint start: _tokens=<Domain.Variable.ArrayVariable object at 0x0000012C11838910>
DEBUG fixpoint start: tokenCount=UnsignedIntegerInterval([0, 0])
DEBUG fixpoint start: tokenIndex=UnsignedIntegerInterval([0, 0])
DEBUG fixpoint start: result=<Domain.Variable.ArrayVariable object at 0x0000012C1183A530>
DEBUG fixpoint: widening_threshold=3
DEBUG widening iter=1: node=for_cond_8, visit_cnt=1, need_widen=False, resultIndex: None ¡æ UnsignedIntegerInterval([0, 0])
DEBUG widening iter=1: node=for_cond_8, equal=False, WL will continue=True
DEBUG widening iter=2: node=for_body_8, visit_cnt=1, need_widen=False, resultIndex: None ¡æ UnsignedIntegerInterval([0, 0])
DEBUG widening iter=2: node=for_body_8, equal=False, WL will continue=True
DEBUG widening iter=3: node=VarDecl_9, visit_cnt=1, need_widen=False, resultIndex: None ¡æ UnsignedIntegerInterval([0, 0])
DEBUG widening iter=3: node=VarDecl_9, equal=False, WL will continue=True
DEBUG: Processing if_condition_10, in_vars keys: ['tokenId', '_tokens', 'block.basefee', 'block.blobbasefee', 'block.chainid', 'block.coinbase', 'block.difficulty', 'block.gaslimit', 'block.number', 'block.prevrandao', 'block.timestamp', 'msg.sender', 'msg.value', 'tx.gasprice', 'tx.origin', 'tokenCount', 'result', 'resultIndex', 'tokenIndex', 'tokenItemId']
DEBUG widening iter=4: node=if_condition_10, visit_cnt=1, need_widen=False, resultIndex: None ¡æ UnsignedIntegerInterval([0, 0])
DEBUG widening iter=4: node=if_condition_10, equal=False, WL will continue=True
DEBUG widening iter=5: node=if_true_10, visit_cnt=1, need_widen=False, resultIndex: None ¡æ UnsignedIntegerInterval([0, 0])
DEBUG widening iter=5: node=if_true_10, equal=False, WL will continue=True
DEBUG widening iter=6: node=if_false_10, visit_cnt=1, need_widen=False, resultIndex: None ¡æ UnsignedIntegerInterval([0, 0])
DEBUG widening iter=6: node=if_false_10, equal=False, WL will continue=True
DEBUG Assignment: result[...] = UnsignedIntegerInterval([0, 115792089237316195423570985008687907853269984665640564039457584007913129639935]), line=11, record=False
DEBUG Array Index: result[resultIndex], resultIndex=UnsignedIntegerInterval([0, 0]), is_bottom=False
DEBUG widening iter=7: node=Assign_11, visit_cnt=1, need_widen=False, resultIndex: None ¡æ UnsignedIntegerInterval([0, 0])
DEBUG widening iter=7: node=Assign_11, equal=False, WL will continue=True
DEBUG widening iter=8: node=if_join_10, visit_cnt=1, need_widen=False, resultIndex: None ¡æ UnsignedIntegerInterval([0, 0])
DEBUG widening iter=8: node=if_join_10, equal=False, WL will continue=True
DEBUG transfer: node=for_incr_8, st_type=unary, var=tokenIndex, line=8
DEBUG widening iter=9: node=for_incr_8, visit_cnt=1, need_widen=False, resultIndex: None ¡æ UnsignedIntegerInterval([0, 0])
DEBUG widening iter=9: node=for_incr_8, equal=False, WL will continue=True
DEBUG propagate: for_incr_8 ¡æ for_join_8, succ_widen=False, changed=True, resultIndex: None ¡æ UnsignedIntegerInterval([0, 0])
DEBUG widening iter=10: JOIN node=for_join_8, visit_cnt=1, threshold=3, need_widen=False
DEBUG widening iter=10: node=for_join_8, visit_cnt=1, need_widen=False, resultIndex: None ¡æ UnsignedIntegerInterval([0, 0])
DEBUG widening iter=10: node=for_join_8, equal=False, WL will continue=True
DEBUG widening iter=11: node=for_cond_8, visit_cnt=2, need_widen=False, resultIndex: UnsignedIntegerInterval([0, 0]) ¡æ UnsignedIntegerInterval([0, 0])
DEBUG widening iter=11: node=for_cond_8, equal=False, WL will continue=True
DEBUG widening iter=12: node=for_body_8, visit_cnt=2, need_widen=False, resultIndex: UnsignedIntegerInterval([0, 0]) ¡æ UnsignedIntegerInterval([0, 0])
DEBUG widening iter=12: node=for_body_8, equal=False, WL will continue=True
DEBUG widening iter=13: node=VarDecl_9, visit_cnt=2, need_widen=False, resultIndex: UnsignedIntegerInterval([0, 0]) ¡æ UnsignedIntegerInterval([0, 0])
DEBUG widening iter=13: node=VarDecl_9, equal=True, WL will continue=False
DEBUG transfer: node=for_incr_8, st_type=unary, var=tokenIndex, line=8
DEBUG Assignment: result[...] = UnsignedIntegerInterval([0, 115792089237316195423570985008687907853269984665640564039457584007913129639935]), line=11, record=False
DEBUG Array Index: result[resultIndex], resultIndex=UnsignedIntegerInterval([0, 0]), is_bottom=False
DEBUG Assignment: result[...] = UnsignedIntegerInterval([0, 115792089237316195423570985008687907853269984665640564039457584007913129639935]), line=11, record=False
DEBUG Array Index: result[resultIndex], resultIndex=UnsignedIntegerInterval([0, 0]), is_bottom=False
DEBUG transfer: node=for_incr_8, st_type=unary, var=tokenIndex, line=8
DEBUG Assignment: result[...] = UnsignedIntegerInterval([0, 115792089237316195423570985008687907853269984665640564039457584007913129639935]), line=11, record=False
DEBUG Array Index: result[resultIndex], resultIndex=UnsignedIntegerInterval([0, 0]), is_bottom=False
DEBUG transfer: node=for_incr_8, st_type=unary, var=tokenIndex, line=8
DEBUG fixpoint exit: resultIndex=UnsignedIntegerInterval([0, 0])
DEBUG fixpoint exit: tokenIndex=UnsignedIntegerInterval([0, 0])
DEBUG fixpoint exit: result=ArrayVariable with 0 elements
--------------------------------------------------------
target code :                  resultIndex++;
DEBUG get_current_block: L_start=12, L_end=12, L+1_node=if_join_10
DEBUG get_current_block: L+1=if_join_10, is_exit=False, is_join=True
DEBUG get_current_block: L-1=11, nodes=['Assign_11']
DEBUG get_current_block: Returning L-1 node: Assign_11
DEBUG transfer: node=Unary_12, st_type=unary, var=resultIndex, line=12
DEBUG transfer: node=for_incr_8, st_type=unary, var=tokenIndex, line=8
DEBUG: Loop nodes: ['for_incr_8', 'Unary_12', 'for_cond_8', 'if_false_10', 'if_condition_10', 'for_join_8', 'for_body_8', 'Assign_11', 'if_true_10', 'if_join_10', 'VarDecl_9']
DEBUG: CFG edges from for_cond_8:
  -> for_body_8, condition=True, in_loop=True
  -> for_exit_8, condition=False, in_loop=False
DEBUG fixpoint start: _tokens=<Domain.Variable.ArrayVariable object at 0x0000012C11805AE0>
DEBUG fixpoint start: tokenCount=UnsignedIntegerInterval([0, 0])
DEBUG fixpoint start: tokenIndex=UnsignedIntegerInterval([0, 0])
DEBUG fixpoint start: result=<Domain.Variable.ArrayVariable object at 0x0000012C11838EB0>
DEBUG fixpoint: widening_threshold=3
DEBUG widening iter=1: node=for_cond_8, visit_cnt=1, need_widen=False, resultIndex: None ¡æ UnsignedIntegerInterval([0, 0])
DEBUG widening iter=1: node=for_cond_8, equal=False, WL will continue=True
DEBUG widening iter=2: node=for_body_8, visit_cnt=1, need_widen=False, resultIndex: None ¡æ UnsignedIntegerInterval([0, 0])
DEBUG widening iter=2: node=for_body_8, equal=False, WL will continue=True
DEBUG widening iter=3: node=VarDecl_9, visit_cnt=1, need_widen=False, resultIndex: None ¡æ UnsignedIntegerInterval([0, 0])
DEBUG widening iter=3: node=VarDecl_9, equal=False, WL will continue=True
DEBUG: Processing if_condition_10, in_vars keys: ['tokenId', '_tokens', 'block.basefee', 'block.blobbasefee', 'block.chainid', 'block.coinbase', 'block.difficulty', 'block.gaslimit', 'block.number', 'block.prevrandao', 'block.timestamp', 'msg.sender', 'msg.value', 'tx.gasprice', 'tx.origin', 'tokenCount', 'result', 'resultIndex', 'tokenIndex', 'tokenItemId']
DEBUG widening iter=4: node=if_condition_10, visit_cnt=1, need_widen=False, resultIndex: None ¡æ UnsignedIntegerInterval([0, 0])
DEBUG widening iter=4: node=if_condition_10, equal=False, WL will continue=True
DEBUG widening iter=5: node=if_true_10, visit_cnt=1, need_widen=False, resultIndex: None ¡æ UnsignedIntegerInterval([0, 0])
DEBUG widening iter=5: node=if_true_10, equal=False, WL will continue=True
DEBUG widening iter=6: node=if_false_10, visit_cnt=1, need_widen=False, resultIndex: None ¡æ UnsignedIntegerInterval([0, 0])
DEBUG widening iter=6: node=if_false_10, equal=False, WL will continue=True
DEBUG Assignment: result[...] = UnsignedIntegerInterval([0, 115792089237316195423570985008687907853269984665640564039457584007913129639935]), line=11, record=False
DEBUG Array Index: result[resultIndex], resultIndex=UnsignedIntegerInterval([0, 0]), is_bottom=False
DEBUG widening iter=7: node=Assign_11, visit_cnt=1, need_widen=False, resultIndex: None ¡æ UnsignedIntegerInterval([0, 0])
DEBUG widening iter=7: node=Assign_11, equal=False, WL will continue=True
DEBUG widening iter=8: node=if_join_10, visit_cnt=1, need_widen=False, resultIndex: None ¡æ UnsignedIntegerInterval([0, 0])
DEBUG widening iter=8: node=if_join_10, equal=False, WL will continue=True
DEBUG transfer: node=Unary_12, st_type=unary, var=resultIndex, line=12
DEBUG widening iter=9: node=Unary_12, visit_cnt=1, need_widen=False, resultIndex: None ¡æ UnsignedIntegerInterval([1, 1])
DEBUG widening iter=9: node=Unary_12, equal=False, WL will continue=True
DEBUG transfer: node=for_incr_8, st_type=unary, var=tokenIndex, line=8
DEBUG widening iter=10: node=for_incr_8, visit_cnt=1, need_widen=False, resultIndex: None ¡æ UnsignedIntegerInterval([0, 0])
DEBUG widening iter=10: node=for_incr_8, equal=False, WL will continue=True
DEBUG propagate: for_incr_8 ¡æ for_join_8, succ_widen=False, changed=True, resultIndex: None ¡æ UnsignedIntegerInterval([0, 0])
DEBUG widening iter=11: node=if_join_10, visit_cnt=2, need_widen=False, resultIndex: UnsignedIntegerInterval([0, 0]) ¡æ UnsignedIntegerInterval([0, 1])
DEBUG widening iter=11: node=if_join_10, equal=False, WL will continue=True
DEBUG widening iter=12: JOIN node=for_join_8, visit_cnt=1, threshold=3, need_widen=False
DEBUG widening iter=12: node=for_join_8, visit_cnt=1, need_widen=False, resultIndex: None ¡æ UnsignedIntegerInterval([0, 0])
DEBUG widening iter=12: node=for_join_8, equal=False, WL will continue=True
DEBUG transfer: node=for_incr_8, st_type=unary, var=tokenIndex, line=8
DEBUG widening iter=13: node=for_incr_8, visit_cnt=2, need_widen=False, resultIndex: UnsignedIntegerInterval([0, 0]) ¡æ UnsignedIntegerInterval([0, 1])
DEBUG widening iter=13: node=for_incr_8, equal=False, WL will continue=True
DEBUG propagate: for_incr_8 ¡æ for_join_8, succ_widen=False, changed=True, resultIndex: UnsignedIntegerInterval([0, 0]) ¡æ UnsignedIntegerInterval([0, 1])
DEBUG widening iter=14: node=for_cond_8, visit_cnt=2, need_widen=False, resultIndex: UnsignedIntegerInterval([0, 0]) ¡æ UnsignedIntegerInterval([0, 0])
DEBUG widening iter=14: node=for_cond_8, equal=False, WL will continue=True
DEBUG widening iter=15: JOIN node=for_join_8, visit_cnt=2, threshold=3, need_widen=False
DEBUG widening iter=15: node=for_join_8, visit_cnt=2, need_widen=False, resultIndex: UnsignedIntegerInterval([0, 0]) ¡æ UnsignedIntegerInterval([0, 1])
DEBUG widening iter=15: node=for_join_8, equal=False, WL will continue=True
DEBUG widening iter=16: node=for_body_8, visit_cnt=2, need_widen=False, resultIndex: UnsignedIntegerInterval([0, 0]) ¡æ UnsignedIntegerInterval([0, 0])
DEBUG widening iter=16: node=for_body_8, equal=False, WL will continue=True
DEBUG widening iter=17: node=for_cond_8, visit_cnt=3, need_widen=False, resultIndex: UnsignedIntegerInterval([0, 0]) ¡æ UnsignedIntegerInterval([0, 1])
DEBUG widening iter=17: node=for_cond_8, equal=False, WL will continue=True
DEBUG widening iter=18: node=VarDecl_9, visit_cnt=2, need_widen=False, resultIndex: UnsignedIntegerInterval([0, 0]) ¡æ UnsignedIntegerInterval([0, 0])
DEBUG widening iter=18: node=VarDecl_9, equal=True, WL will continue=False
DEBUG widening iter=19: node=for_body_8, visit_cnt=3, need_widen=False, resultIndex: UnsignedIntegerInterval([0, 0]) ¡æ UnsignedIntegerInterval([0, 1])
DEBUG widening iter=19: node=for_body_8, equal=False, WL will continue=True
DEBUG widening iter=20: node=VarDecl_9, visit_cnt=3, need_widen=False, resultIndex: UnsignedIntegerInterval([0, 0]) ¡æ UnsignedIntegerInterval([0, 1])
DEBUG widening iter=20: node=VarDecl_9, equal=False, WL will continue=True
DEBUG: Processing if_condition_10, in_vars keys: ['tokenId', '_tokens', 'block.basefee', 'block.blobbasefee', 'block.chainid', 'block.coinbase', 'block.difficulty', 'block.gaslimit', 'block.number', 'block.prevrandao', 'block.timestamp', 'msg.sender', 'msg.value', 'tx.gasprice', 'tx.origin', 'tokenCount', 'result', 'resultIndex', 'tokenIndex', 'tokenItemId']
DEBUG widening iter=21: node=if_condition_10, visit_cnt=2, need_widen=False, resultIndex: UnsignedIntegerInterval([0, 0]) ¡æ UnsignedIntegerInterval([0, 1])
DEBUG widening iter=21: node=if_condition_10, equal=False, WL will continue=True
DEBUG widening iter=22: node=if_true_10, visit_cnt=2, need_widen=False, resultIndex: UnsignedIntegerInterval([0, 0]) ¡æ UnsignedIntegerInterval([0, 1])
DEBUG widening iter=22: node=if_true_10, equal=False, WL will continue=True
DEBUG widening iter=23: node=if_false_10, visit_cnt=2, need_widen=False, resultIndex: UnsignedIntegerInterval([0, 0]) ¡æ UnsignedIntegerInterval([0, 1])
DEBUG widening iter=23: node=if_false_10, equal=False, WL will continue=True
DEBUG Assignment: result[...] = UnsignedIntegerInterval([0, 115792089237316195423570985008687907853269984665640564039457584007913129639935]), line=11, record=False
DEBUG Array Index: result[resultIndex], resultIndex=UnsignedIntegerInterval([0, 1]), is_bottom=False
DEBUG Array Index: Concrete assignment to result[0..1], range_size=2
DEBUG Array Index: Before assignment, result.elements length=0
DEBUG Array Assignment: Assigned to result[0..1]
DEBUG _merge_values: ArrayVariable length mismatch! result: 0 vs 2, mode=join
  File "C:\Users\isjeon\PycharmProjects\pythonProject\SolDebug\Analyzer\EnhancedSolidityVisitor.py", line 952, in visitInteractiveBlockItem
    return self.visitChildren(ctx)
  File "C:\Users\isjeon\AppData\Local\Programs\Python\Python310\lib\site-packages\antlr4\tree\Tree.py", line 44, in visitChildren
    childResult = c.accept(self)
  File "C:\Users\isjeon\PycharmProjects\pythonProject\SolDebug\Parser\SolidityParser.py", line 10542, in accept
    return visitor.visitInteractiveStatement(self)
  File "C:\Users\isjeon\PycharmProjects\pythonProject\SolDebug\Analyzer\EnhancedSolidityVisitor.py", line 1178, in visitInteractiveStatement
    return self.visitInteractiveSimpleStatement(ctx.interactiveSimpleStatement())
  File "C:\Users\isjeon\PycharmProjects\pythonProject\SolDebug\Analyzer\EnhancedSolidityVisitor.py", line 872, in visitInteractiveSimpleStatement
    return self.visitChildren(ctx)
  File "C:\Users\isjeon\AppData\Local\Programs\Python\Python310\lib\site-packages\antlr4\tree\Tree.py", line 44, in visitChildren
    childResult = c.accept(self)
  File "C:\Users\isjeon\PycharmProjects\pythonProject\SolDebug\Parser\SolidityParser.py", line 7042, in accept
    return visitor.visitInteractiveExpressionStatement(self)
  File "C:\Users\isjeon\PycharmProjects\pythonProject\SolDebug\Analyzer\EnhancedSolidityVisitor.py", line 913, in visitInteractiveExpressionStatement
    self.contract_analyzer.process_unary_suffix_operation(expr)
  File "C:\Users\isjeon\PycharmProjects\pythonProject\SolDebug\Analyzer\ContractAnalyzer.py", line 1135, in process_unary_suffix_operation
    self.handle_unary_incdec(expr.expression, "+=", "unary_suffix")
  File "C:\Users\isjeon\PycharmProjects\pythonProject\SolDebug\Analyzer\ContractAnalyzer.py", line 1046, in handle_unary_incdec
    self.engine.reinterpret_from(fcfg, stmt_blk)
  File "C:\Users\isjeon\PycharmProjects\pythonProject\SolDebug\Interpreter\Engine.py", line 871, in reinterpret_from
    exit_node = self.fixpoint(n)
  File "C:\Users\isjeon\PycharmProjects\pythonProject\SolDebug\Interpreter\Engine.py", line 428, in fixpoint
    VariableEnv.join_variables_simple(out_old, out_raw)
  File "C:\Users\isjeon\PycharmProjects\pythonProject\SolDebug\Utils\Helper.py", line 98, in <lambda>
    VariableEnv._merge_by_mode(l, r, "join"))
  File "C:\Users\isjeon\PycharmProjects\pythonProject\SolDebug\Utils\Helper.py", line 334, in _merge_by_mode
    res[name] = VariableEnv._merge_values(res[name], r_var, mode)
  File "C:\Users\isjeon\PycharmProjects\pythonProject\SolDebug\Utils\Helper.py", line 291, in _merge_values
    traceback.print_stack(limit=15, file=sys.stdout)
DEBUG widening iter=24: node=Assign_11, visit_cnt=2, need_widen=False, resultIndex: UnsignedIntegerInterval([0, 0]) ¡æ UnsignedIntegerInterval([0, 1])
DEBUG widening iter=24: node=Assign_11, equal=False, WL will continue=True
DEBUG transfer: node=Unary_12, st_type=unary, var=resultIndex, line=12
DEBUG widening iter=25: node=Unary_12, visit_cnt=2, need_widen=False, resultIndex: UnsignedIntegerInterval([1, 1]) ¡æ UnsignedIntegerInterval([1, 2])
DEBUG widening iter=25: node=Unary_12, equal=False, WL will continue=True
DEBUG widening iter=26: node=if_join_10, visit_cnt=3, need_widen=False, resultIndex: UnsignedIntegerInterval([0, 1]) ¡æ UnsignedIntegerInterval([0, 2])
DEBUG widening iter=26: node=if_join_10, equal=False, WL will continue=True
DEBUG transfer: node=for_incr_8, st_type=unary, var=tokenIndex, line=8
DEBUG widening iter=27: node=for_incr_8, visit_cnt=3, need_widen=False, resultIndex: UnsignedIntegerInterval([0, 1]) ¡æ UnsignedIntegerInterval([0, 2])
DEBUG widening iter=27: node=for_incr_8, equal=False, WL will continue=True
DEBUG propagate: for_incr_8 ¡æ for_join_8, succ_widen=False, changed=True, resultIndex: UnsignedIntegerInterval([0, 1]) ¡æ UnsignedIntegerInterval([0, 2])
DEBUG widening iter=28: JOIN node=for_join_8, visit_cnt=3, threshold=3, need_widen=False
DEBUG widening iter=28: node=for_join_8, visit_cnt=3, need_widen=False, resultIndex: UnsignedIntegerInterval([0, 1]) ¡æ UnsignedIntegerInterval([0, 2])
DEBUG widening iter=28: node=for_join_8, equal=False, WL will continue=True
DEBUG widening iter=29: node=for_cond_8, visit_cnt=4, need_widen=False, resultIndex: UnsignedIntegerInterval([0, 1]) ¡æ UnsignedIntegerInterval([0, 2])
DEBUG widening iter=29: node=for_cond_8, equal=False, WL will continue=True
DEBUG widening iter=30: node=for_body_8, visit_cnt=4, need_widen=False, resultIndex: UnsignedIntegerInterval([0, 1]) ¡æ UnsignedIntegerInterval([0, 2])
DEBUG widening iter=30: node=for_body_8, equal=False, WL will continue=True
DEBUG widening iter=31: node=VarDecl_9, visit_cnt=4, need_widen=False, resultIndex: UnsignedIntegerInterval([0, 1]) ¡æ UnsignedIntegerInterval([0, 2])
DEBUG widening iter=31: node=VarDecl_9, equal=False, WL will continue=True
DEBUG: Processing if_condition_10, in_vars keys: ['tokenId', '_tokens', 'block.basefee', 'block.blobbasefee', 'block.chainid', 'block.coinbase', 'block.difficulty', 'block.gaslimit', 'block.number', 'block.prevrandao', 'block.timestamp', 'msg.sender', 'msg.value', 'tx.gasprice', 'tx.origin', 'tokenCount', 'result', 'resultIndex', 'tokenIndex', 'tokenItemId']
DEBUG widening iter=32: node=if_condition_10, visit_cnt=3, need_widen=False, resultIndex: UnsignedIntegerInterval([0, 1]) ¡æ UnsignedIntegerInterval([0, 2])
DEBUG widening iter=32: node=if_condition_10, equal=False, WL will continue=True
DEBUG widening iter=33: node=if_true_10, visit_cnt=3, need_widen=False, resultIndex: UnsignedIntegerInterval([0, 1]) ¡æ UnsignedIntegerInterval([0, 2])
DEBUG widening iter=33: node=if_true_10, equal=False, WL will continue=True
DEBUG widening iter=34: node=if_false_10, visit_cnt=3, need_widen=False, resultIndex: UnsignedIntegerInterval([0, 1]) ¡æ UnsignedIntegerInterval([0, 2])
DEBUG widening iter=34: node=if_false_10, equal=False, WL will continue=True
DEBUG Assignment: result[...] = UnsignedIntegerInterval([0, 115792089237316195423570985008687907853269984665640564039457584007913129639935]), line=11, record=False
DEBUG widening iter=35: node=Assign_11, visit_cnt=3, need_widen=False, resultIndex: UnsignedIntegerInterval([0, 1]) ¡æ UnsignedIntegerInterval([0, 2])
DEBUG widening iter=35: node=Assign_11, equal=False, WL will continue=True
DEBUG transfer: node=Unary_12, st_type=unary, var=resultIndex, line=12
DEBUG widening iter=36: node=Unary_12, visit_cnt=3, need_widen=False, resultIndex: UnsignedIntegerInterval([1, 2]) ¡æ UnsignedIntegerInterval([1, 3])
DEBUG widening iter=36: node=Unary_12, equal=False, WL will continue=True
Traceback (most recent call last):
  File "C:\Users\isjeon\PycharmProjects\pythonProject\SolDebug\test.py", line 180, in <module>
    simulate_inputs(test_inputs)
  File "C:\Users\isjeon\PycharmProjects\pythonProject\SolDebug\test.py", line 54, in simulate_inputs
    EnhancedSolidityVisitor(contract_analyzer).visit(tree)
  File "C:\Users\isjeon\AppData\Local\Programs\Python\Python310\lib\site-packages\antlr4\tree\Tree.py", line 34, in visit
    return tree.accept(self)
  File "C:\Users\isjeon\PycharmProjects\pythonProject\SolDebug\Parser\SolidityParser.py", line 5514, in accept
    return visitor.visitInteractiveBlockUnit(self)
  File "C:\Users\isjeon\PycharmProjects\pythonProject\SolDebug\Analyzer\EnhancedSolidityVisitor.py", line 567, in visitInteractiveBlockUnit
    return self.visitChildren(ctx)
  File "C:\Users\isjeon\AppData\Local\Programs\Python\Python310\lib\site-packages\antlr4\tree\Tree.py", line 44, in visitChildren
    childResult = c.accept(self)
  File "C:\Users\isjeon\PycharmProjects\pythonProject\SolDebug\Parser\SolidityParser.py", line 7483, in accept
    return visitor.visitInteractiveBlockItem(self)
  File "C:\Users\isjeon\PycharmProjects\pythonProject\SolDebug\Analyzer\EnhancedSolidityVisitor.py", line 952, in visitInteractiveBlockItem
    return self.visitChildren(ctx)
  File "C:\Users\isjeon\AppData\Local\Programs\Python\Python310\lib\site-packages\antlr4\tree\Tree.py", line 44, in visitChildren
    childResult = c.accept(self)
  File "C:\Users\isjeon\PycharmProjects\pythonProject\SolDebug\Parser\SolidityParser.py", line 10542, in accept
    return visitor.visitInteractiveStatement(self)
  File "C:\Users\isjeon\PycharmProjects\pythonProject\SolDebug\Analyzer\EnhancedSolidityVisitor.py", line 1178, in visitInteractiveStatement
    return self.visitInteractiveSimpleStatement(ctx.interactiveSimpleStatement())
  File "C:\Users\isjeon\PycharmProjects\pythonProject\SolDebug\Analyzer\EnhancedSolidityVisitor.py", line 872, in visitInteractiveSimpleStatement
    return self.visitChildren(ctx)
  File "C:\Users\isjeon\AppData\Local\Programs\Python\Python310\lib\site-packages\antlr4\tree\Tree.py", line 44, in visitChildren
    childResult = c.accept(self)
  File "C:\Users\isjeon\PycharmProjects\pythonProject\SolDebug\Parser\SolidityParser.py", line 7042, in accept
    return visitor.visitInteractiveExpressionStatement(self)
  File "C:\Users\isjeon\PycharmProjects\pythonProject\SolDebug\Analyzer\EnhancedSolidityVisitor.py", line 913, in visitInteractiveExpressionStatement
    self.contract_analyzer.process_unary_suffix_operation(expr)
  File "C:\Users\isjeon\PycharmProjects\pythonProject\SolDebug\Analyzer\ContractAnalyzer.py", line 1135, in process_unary_suffix_operation
    self.handle_unary_incdec(expr.expression, "+=", "unary_suffix")
  File "C:\Users\isjeon\PycharmProjects\pythonProject\SolDebug\Analyzer\ContractAnalyzer.py", line 1046, in handle_unary_incdec
    self.engine.reinterpret_from(fcfg, stmt_blk)
  File "C:\Users\isjeon\PycharmProjects\pythonProject\SolDebug\Interpreter\Engine.py", line 871, in reinterpret_from
    exit_node = self.fixpoint(n)
  File "C:\Users\isjeon\PycharmProjects\pythonProject\SolDebug\Interpreter\Engine.py", line 464, in fixpoint
    else VariableEnv.join_variables_simple(in_vars[succ], flow))
  File "C:\Users\isjeon\PycharmProjects\pythonProject\SolDebug\Utils\Helper.py", line 98, in <lambda>
    VariableEnv._merge_by_mode(l, r, "join"))
  File "C:\Users\isjeon\PycharmProjects\pythonProject\SolDebug\Utils\Helper.py", line 334, in _merge_by_mode
    res[name] = VariableEnv._merge_values(res[name], r_var, mode)
  File "C:\Users\isjeon\PycharmProjects\pythonProject\SolDebug\Utils\Helper.py", line 266, in _merge_values
    return getattr(v1, mode)(v2)
MemoryError
